make[1]: Entering directory '/home/willay/workspace/android_kernel_nothing_sm7325/out'
  GEN     Makefile
  WRAP    arch/arm64/include/generated/uapi/asm/kvm_para.h
  WRAP    arch/arm64/include/generated/uapi/asm/errno.h
  WRAP    arch/arm64/include/generated/uapi/asm/ioctl.h
  WRAP    arch/arm64/include/generated/uapi/asm/ioctls.h
  WRAP    arch/arm64/include/generated/uapi/asm/ipcbuf.h
  WRAP    arch/arm64/include/generated/uapi/asm/mman.h
  WRAP    arch/arm64/include/generated/uapi/asm/msgbuf.h
  WRAP    arch/arm64/include/generated/uapi/asm/poll.h
  WRAP    arch/arm64/include/generated/uapi/asm/resource.h
  WRAP    arch/arm64/include/generated/uapi/asm/sembuf.h
  WRAP    arch/arm64/include/generated/uapi/asm/shmbuf.h
  WRAP    arch/arm64/include/generated/uapi/asm/siginfo.h
  WRAP    arch/arm64/include/generated/uapi/asm/socket.h
  WRAP    arch/arm64/include/generated/uapi/asm/sockios.h
  WRAP    arch/arm64/include/generated/uapi/asm/stat.h
  WRAP    arch/arm64/include/generated/uapi/asm/swab.h
  WRAP    arch/arm64/include/generated/uapi/asm/termbits.h
  WRAP    arch/arm64/include/generated/uapi/asm/termios.h
  WRAP    arch/arm64/include/generated/uapi/asm/types.h
  UPD     include/generated/uapi/linux/version.h
  WRAP    arch/arm64/include/generated/asm/bugs.h
  WRAP    arch/arm64/include/generated/asm/delay.h
  WRAP    arch/arm64/include/generated/asm/div64.h
  WRAP    arch/arm64/include/generated/asm/dma.h
  WRAP    arch/arm64/include/generated/asm/dma-contiguous.h
  WRAP    arch/arm64/include/generated/asm/dma-mapping.h
  WRAP    arch/arm64/include/generated/asm/early_ioremap.h
  WRAP    arch/arm64/include/generated/asm/emergency-restart.h
  WRAP    arch/arm64/include/generated/asm/hw_irq.h
  WRAP    arch/arm64/include/generated/asm/irq_regs.h
  HOSTCC  scripts/dtc/dtc.o
  WRAP    arch/arm64/include/generated/asm/kdebug.h
  HOSTCC  scripts/dtc/flattree.o
  WRAP    arch/arm64/include/generated/asm/kmap_types.h
  WRAP    arch/arm64/include/generated/asm/local.h
  HOSTCC  scripts/dtc/fstree.o
  WRAP    arch/arm64/include/generated/asm/local64.h
  HOSTCC  scripts/dtc/data.o
  WRAP    arch/arm64/include/generated/asm/mcs_spinlock.h
  WRAP    arch/arm64/include/generated/asm/mm-arch-hooks.h
  WRAP    arch/arm64/include/generated/asm/mmiowb.h
  HOSTCC  scripts/dtc/livetree.o
  HOSTCC  scripts/unifdef
  HOSTCC  scripts/dtc/treesource.o
  WRAP    arch/arm64/include/generated/asm/msi.h
  WRAP    arch/arm64/include/generated/asm/qrwlock.h
  WRAP    arch/arm64/include/generated/asm/qspinlock.h
  WRAP    arch/arm64/include/generated/asm/serial.h
  WRAP    arch/arm64/include/generated/asm/set_memory.h
  WRAP    arch/arm64/include/generated/asm/switch_to.h
  WRAP    arch/arm64/include/generated/asm/trace_clock.h
  WRAP    arch/arm64/include/generated/asm/unaligned.h
  WRAP    arch/arm64/include/generated/asm/user.h
  WRAP    arch/arm64/include/generated/asm/vga.h
  HOSTCC  scripts/dtc/srcpos.o
  HOSTCC  scripts/dtc/checks.o
  UPD     include/config/kernel.release
  HOSTCC  scripts/dtc/util.o
  LEX     scripts/dtc/dtc-lexer.lex.c
  YACC    scripts/dtc/dtc-parser.tab.[ch]
  HOSTCC  scripts/dtc/dtc-lexer.lex.o
  HOSTCC  scripts/dtc/dtc-parser.tab.o
  HOSTLD  scripts/dtc/dtc
  UPD     include/generated/utsrelease.h
  HOSTCC  scripts/genksyms/genksyms.o
  YACC    scripts/genksyms/parse.tab.[ch]
  LEX     scripts/genksyms/lex.lex.c
  HDRINST usr/include/asm-generic/ioctls.h
  HOSTCC  scripts/kallsyms
  HOSTCC  scripts/selinux/genheaders/genheaders
  HOSTCC  scripts/selinux/mdp/mdp
  HDRINST usr/include/asm-generic/bitsperlong.h
  HDRINST usr/include/asm-generic/mman-common.h
  HDRINST usr/include/asm-generic/siginfo.h
  HDRINST usr/include/asm-generic/shmbuf.h
  HDRINST usr/include/asm-generic/socket.h
  HDRINST usr/include/asm-generic/signal-defs.h
  HOSTCC  scripts/sortextable
  HDRINST usr/include/asm-generic/ucontext.h
  HDRINST usr/include/asm-generic/unistd.h
  HDRINST usr/include/asm-generic/msgbuf.h
  HDRINST usr/include/asm-generic/param.h
  HOSTCC  scripts/genksyms/parse.tab.o
  HDRINST usr/include/asm-generic/sembuf.h
  DTC     arch/arm64/boot/dts/vendor/qcom/lahaina.dtb
  HDRINST usr/include/asm-generic/statfs.h
  HOSTCC  scripts/genksyms/lex.lex.o
  HDRINST usr/include/asm-generic/ioctl.h
  HDRINST usr/include/asm-generic/resource.h
  HOSTCC  scripts/asn1_compiler
  DTC     arch/arm64/boot/dts/vendor/qcom/lahaina-v2.dtb
  HDRINST usr/include/asm-generic/posix_types.h
  HDRINST usr/include/asm-generic/mman.h
  HDRINST usr/include/asm-generic/signal.h
  HDRINST usr/include/asm-generic/termbits.h
  HDRINST usr/include/asm-generic/hugetlb_encode.h
  HDRINST usr/include/asm-generic/auxvec.h
  DTC     arch/arm64/boot/dts/vendor/qcom/lahaina-v2.1.dtb
  HDRINST usr/include/asm-generic/sockios.h
  HOSTCC  scripts/extract-cert
  HDRINST usr/include/asm-generic/errno.h
  DTC     arch/arm64/boot/dts/vendor/qcom/lahainap.dtb
  HDRINST usr/include/asm-generic/termios.h
  HDRINST usr/include/asm-generic/types.h
  HDRINST usr/include/asm-generic/errno-base.h
  HDRINST usr/include/asm-generic/fcntl.h
  HDRINST usr/include/asm-generic/bpf_perf_event.h
  HDRINST usr/include/asm-generic/int-ll64.h
  HDRINST usr/include/asm-generic/ipcbuf.h
  HDRINST usr/include/asm-generic/kvm_para.h
  HDRINST usr/include/asm-generic/int-l64.h
  HDRINST usr/include/asm-generic/setup.h
  HOSTLD  scripts/genksyms/genksyms
  DTC     arch/arm64/boot/dts/vendor/qcom/lahainap-v2.dtb
  HDRINST usr/include/asm-generic/poll.h
  HDRINST usr/include/asm-generic/swab.h
  HDRINST usr/include/asm-generic/stat.h
  DTC     arch/arm64/boot/dts/vendor/qcom/lahainap-v2.1.dtb
  HDRINST usr/include/drm/tegra_drm.h
  HDRINST usr/include/drm/sis_drm.h
  HDRINST usr/include/drm/lima_drm.h
  DTC     arch/arm64/boot/dts/vendor/qcom/shima.dtb
  HDRINST usr/include/drm/etnaviv_drm.h
  HDRINST usr/include/drm/qxl_drm.h
  HDRINST usr/include/drm/via_drm.h
  CC      scripts/mod/empty.o
  HDRINST usr/include/drm/vmwgfx_drm.h
  HOSTCC  scripts/mod/mk_elfconfig
  HDRINST usr/include/drm/drm_sarea.h
  HDRINST usr/include/drm/vc4_drm.h
  HDRINST usr/include/drm/armada_drm.h
  HDRINST usr/include/drm/r128_drm.h
  CC      scripts/mod/devicetable-offsets.s
  HDRINST usr/include/drm/i810_drm.h
  HDRINST usr/include/drm/mga_drm.h
  HDRINST usr/include/drm/i915_drm.h
  HDRINST usr/include/drm/virtgpu_drm.h
  UPD     scripts/mod/devicetable-offsets.h
  HDRINST usr/include/drm/omap_drm.h
  DTC     arch/arm64/boot/dts/vendor/qcom/yupik.dtb
  MKELF   scripts/mod/elfconfig.h
  HOSTCC  scripts/mod/modpost.o
  HDRINST usr/include/drm/drm_fourcc.h
  HDRINST usr/include/drm/drm_mode.h
  HDRINST usr/include/drm/exynos_drm.h
  HDRINST usr/include/drm/radeon_drm.h
  HDRINST usr/include/drm/v3d_drm.h
  HDRINST usr/include/drm/vgem_drm.h
  HDRINST usr/include/drm/savage_drm.h
  HDRINST usr/include/drm/msm_drm.h
  HOSTCC  scripts/mod/file2alias.o
  DTC     arch/arm64/boot/dts/vendor/qcom/yupikp.dtb
  HDRINST usr/include/drm/panfrost_drm.h
  HDRINST usr/include/drm/amdgpu_drm.h
  HOSTCC  scripts/mod/sumversion.o
  HDRINST usr/include/drm/drm.h
  HDRINST usr/include/drm/nouveau_drm.h
  HDRINST usr/include/linux/bcm933xx_hcs.h
  HDRINST usr/include/linux/udf_fs_i.h
  HDRINST usr/include/linux/rxrpc.h
  HDRINST usr/include/linux/if_fddi.h
  HDRINST usr/include/linux/inet_diag.h
  HDRINST usr/include/linux/pci_regs.h
  HDRINST usr/include/linux/seg6_local.h
  HDRINST usr/include/linux/baycom.h
  HDRINST usr/include/linux/ipmi_msgdefs.h
  HDRINST usr/include/linux/memfd.h
  HDRINST usr/include/linux/atmbr2684.h
  HDRINST usr/include/linux/caif/caif_socket.h
  HDRINST usr/include/linux/caif/if_caif.h
  DTC     arch/arm64/boot/dts/vendor/qcom/lahaina-atp-overlay.dtbo
  DTC     arch/arm64/boot/dts/vendor/qcom/lahaina-cdp-hsp-pro-overlay.dtbo
  HDRINST usr/include/linux/genetlink.h
  HDRINST usr/include/linux/errqueue.h
  HDRINST usr/include/linux/ppp-ioctl.h
  HDRINST usr/include/linux/eavb_shared.h
  DTC     arch/arm64/boot/dts/vendor/qcom/lahaina-cdp-overlay.dtbo
  DTC     arch/arm64/boot/dts/vendor/qcom/lahaina-cdp-v2.2-overlay.dtbo
  HDRINST usr/include/linux/nfsacl.h
  HDRINST usr/include/linux/ip_vs.h
  HDRINST usr/include/linux/pg.h
  HDRINST usr/include/linux/mic_ioctl.h
  DTC     arch/arm64/boot/dts/vendor/qcom/lahaina-hdk-overlay.dtbo
  HOSTLD  scripts/mod/modpost
  HDRINST usr/include/linux/hsi/cs-protocol.h
  HDRINST usr/include/linux/hsi/hsi_char.h
  HDRINST usr/include/linux/xdp_diag.h
  HDRINST usr/include/linux/v4l2-dv-timings.h
  HDRINST usr/include/linux/atmclip.h
  HDRINST usr/include/linux/atalk.h
  CC      kernel/bounds.s
  HDRINST usr/include/linux/genwqe/genwqe_card.h
  UPD     include/generated/timeconst.h
  CALL    ../scripts/atomic/check-atomics.sh
  DTC     arch/arm64/boot/dts/vendor/qcom/lahaina-hhg-overlay.dtbo
  HDRINST usr/include/linux/stm.h
  HDRINST usr/include/linux/eventpoll.h
  HDRINST usr/include/linux/btrfs_tree.h
  DTC     arch/arm64/boot/dts/vendor/qcom/lahaina-mtp-hsp-overlay.dtbo
  HDRINST usr/include/linux/dccp.h
  DTC     arch/arm64/boot/dts/vendor/qcom/lahaina-mtp-hsp-pro-overlay.dtbo
  HDRINST usr/include/linux/virtio_net.h
  HDRINST usr/include/linux/ila.h
  UPD     include/generated/bounds.h
  HDRINST usr/include/linux/rds.h
  CC      arch/arm64/kernel/asm-offsets.s
  HDRINST usr/include/linux/hdlcdrv.h
  DTC     arch/arm64/boot/dts/vendor/qcom/lahaina-mtp-overlay.dtbo
  HDRINST usr/include/linux/virtio_9p.h
  HDRINST usr/include/linux/vhost_types.h
  HDRINST usr/include/linux/packet_diag.h
  HDRINST usr/include/linux/bfs_fs.h
  HDRINST usr/include/linux/pktcdvd.h
  DTC     arch/arm64/boot/dts/vendor/qcom/lahaina-mtp-v2-overlay.dtbo
  HDRINST usr/include/linux/reiserfs_xattr.h
  DTC     arch/arm64/boot/dts/vendor/qcom/lahaina-mtp-v2.1-overlay.dtbo
  HDRINST usr/include/linux/i2c-dev.h
  HDRINST usr/include/linux/reiserfs_fs.h
  HDRINST usr/include/linux/netdevice.h
  DTC     arch/arm64/boot/dts/vendor/qcom/lahaina-qrd-hsp-overlay.dtbo
  HDRINST usr/include/linux/meye.h
  DTC     arch/arm64/boot/dts/vendor/qcom/lahaina-qrd-hsp-pro-overlay.dtbo
  DTC     arch/arm64/boot/dts/vendor/qcom/lahaina-qrd-module-overlay.dtbo
  HDRINST usr/include/linux/pfkeyv2.h
  DTC     arch/arm64/boot/dts/vendor/qcom/lahaina-qrd-overlay.dtbo
  HDRINST usr/include/linux/msdos_fs.h
  HDRINST usr/include/linux/kvm.h
  DTC     arch/arm64/boot/dts/vendor/qcom/lahaina-rumi-overlay.dtbo
  HDRINST usr/include/linux/if_bonding.h
  HDRINST usr/include/linux/tipc_sockets_diag.h
  HDRINST usr/include/linux/virtio_crypto.h
  HDRINST usr/include/linux/atmdev.h
  DTC     arch/arm64/boot/dts/vendor/qcom/lahainap-atp-overlay.dtbo
  HDRINST usr/include/linux/kdev_t.h
  DTC     arch/arm64/boot/dts/vendor/qcom/lahainap-cdp-overlay.dtbo
  DTC     arch/arm64/boot/dts/vendor/qcom/lahainap-hhg-hsp-pro-overlay.dtbo
  HDRINST usr/include/linux/ipmi_bmc.h
  HDRINST usr/include/linux/netfilter_ipv4.h
  DTC     arch/arm64/boot/dts/vendor/qcom/lahainap-mtp-overlay.dtbo
  HDRINST usr/include/linux/ivtv.h
  HDRINST usr/include/linux/random.h
  HDRINST usr/include/linux/virtio_pci.h
  HDRINST usr/include/linux/vm_sockets_diag.h
  DTC     arch/arm64/boot/dts/vendor/qcom/lahainap-qrd-overlay.dtbo
  HDRINST usr/include/linux/raid/md_p.h
  HDRINST usr/include/linux/raid/md_u.h
  HDRINST usr/include/linux/virtio_mmio.h
  HDRINST usr/include/linux/netconf.h
  HDRINST usr/include/linux/if_xdp.h
  HDRINST usr/include/linux/if_fc.h
  DTC     arch/arm64/boot/dts/vendor/qcom/shima-atp-overlay.dtbo
  HDRINST usr/include/linux/mroute6.h
  HDRINST usr/include/linux/psample.h
  HDRINST usr/include/linux/ethtool.h
  HDRINST usr/include/linux/netlink_diag.h
  DTC     arch/arm64/boot/dts/vendor/qcom/shima-idp-120fps-overlay.dtbo
  DTC     arch/arm64/boot/dts/vendor/qcom/shima-idp-overlay.dtbo
  DTC     arch/arm64/boot/dts/vendor/qcom/shima-idps-digital-mics-120fps-overlay.dtbo
  HDRINST usr/include/linux/lp.h
  HDRINST usr/include/linux/pci.h
  HDRINST usr/include/linux/mii.h
  HDRINST usr/include/linux/iommu.h
  HDRINST usr/include/linux/neighbour.h
  DTC     arch/arm64/boot/dts/vendor/qcom/shima-idps-digital-mics-overlay.dtbo
  HDRINST usr/include/linux/ip6_tunnel.h
  HDRINST usr/include/linux/mptcp.h
  DTC     arch/arm64/boot/dts/vendor/qcom/shima-qrd-overlay.dtbo
  HDRINST usr/include/linux/sctp.h
  DTC     arch/arm64/boot/dts/vendor/qcom/shima-rumi-overlay.dtbo
  DTC     arch/arm64/boot/dts/vendor/qcom/yupik-qrd-overlay.dtbo
  HDRINST usr/include/linux/ife.h
  DTC     arch/arm64/boot/dts/vendor/qcom/yupik-qrd-pm7250b-overlay.dtbo
  HDRINST usr/include/linux/qseecom.h
  HDRINST usr/include/linux/in.h
  DTC     arch/arm64/boot/dts/vendor/qcom/yupikp-qrd-overlay.dtbo
  UPD     include/generated/asm-offsets.h
  HDRINST usr/include/linux/ax25.h
  HDRINST usr/include/linux/seg6_genl.h
  CALL    ../scripts/checksyscalls.sh
  HDRINST usr/include/linux/esoc_ctrl.h
  HDRINST usr/include/linux/fadvise.h
  HDRINST usr/include/linux/auto_dev-ioctl.h
  HDRINST usr/include/linux/mmc/ioctl.h
  HDRINST usr/include/linux/hysdn_if.h
  HDRINST usr/include/linux/mqueue.h
  HDRINST usr/include/linux/arm_sdei.h
  HDRINST usr/include/linux/rtc.h
  HDRINST usr/include/linux/sock_diag.h
  HDRINST usr/include/linux/msm_ipa.h
  HDRINST usr/include/linux/if_arcnet.h
  HDRINST usr/include/linux/usbip.h
  HDRINST usr/include/linux/netfilter.h
  HDRINST usr/include/linux/atm_he.h
  HDRINST usr/include/linux/membarrier.h
  HDRINST usr/include/linux/minix_fs.h
  HDRINST usr/include/linux/arcfb.h
  HDRINST usr/include/linux/dvb/ca.h
  HDRINST usr/include/linux/dvb/video.h
  HDRINST usr/include/linux/dvb/dmx.h
  HDRINST usr/include/linux/dvb/net.h
  LDS     arch/arm64/kernel/vdso/vdso.lds
  HDRINST usr/include/linux/dvb/version.h
  HDRINST usr/include/linux/dvb/audio.h
  HDRINST usr/include/linux/dvb/osd.h
  CC      arch/arm64/kernel/vdso/vgettimeofday.o
  AS      arch/arm64/kernel/vdso/note.o
  AS      arch/arm64/kernel/vdso/sigreturn.o
  HDRINST usr/include/linux/dvb/frontend.h
  HDRINST usr/include/linux/time.h
  HDRINST usr/include/linux/vmcore.h
  HDRINST usr/include/linux/msm_geni_serial.h
  HDRINST usr/include/linux/fs.h
  HDRINST usr/include/linux/ipc.h
  HDRINST usr/include/linux/nvme_ioctl.h
  HDRINST usr/include/linux/cdrom.h
  HDRINST usr/include/linux/audit.h
  HDRINST usr/include/linux/phantom.h
  HDRINST usr/include/linux/spi/spidev.h
  HDRINST usr/include/linux/nfs4.h
  HDRINST usr/include/linux/synclink.h
  HDRINST usr/include/linux/nfs.h
  HDRINST usr/include/linux/dma-buf.h
  HDRINST usr/include/linux/ipa_qmi_service_v01.h
  HDRINST usr/include/linux/tipc_netlink.h
  HDRINST usr/include/linux/netfilter_ipv4/ipt_REJECT.h
  HDRINST usr/include/linux/netfilter_ipv4/ipt_ecn.h
  HDRINST usr/include/linux/netfilter_ipv4/ipt_ttl.h
  HDRINST usr/include/linux/netfilter_ipv4/ipt_ECN.h
  HDRINST usr/include/linux/netfilter_ipv4/ipt_CLUSTERIP.h
  HDRINST usr/include/linux/netfilter_ipv4/ipt_TRIGGER.h
  HDRINST usr/include/linux/netfilter_ipv4/ip_tables.h
  HDRINST usr/include/linux/netfilter_ipv4/ipt_TTL.h
  HDRINST usr/include/linux/netfilter_ipv4/ipt_NATTYPE.h
  HDRINST usr/include/linux/netfilter_ipv4/ipt_ah.h
  HDRINST usr/include/linux/netfilter_ipv4/ipt_LOG.h
  HDRINST usr/include/linux/agpgart.h
  HDRINST usr/include/linux/spcom.h
  HDRINST usr/include/linux/qg.h
  HDRINST usr/include/linux/aspeed-lpc-ctrl.h
  HDRINST usr/include/linux/habmmid.h
  HDRINST usr/include/linux/seccomp.h
  HDRINST usr/include/linux/rio_mport_cdev.h
  HDRINST usr/include/linux/netlink.h
  HDRINST usr/include/linux/atm_idt77105.h
  HDRINST usr/include/linux/cec-funcs.h
  HDRINST usr/include/linux/btrfs.h
  HDRINST usr/include/linux/reboot.h
  HDRINST usr/include/linux/cifs/cifs_mount.h
  HDRINST usr/include/linux/aio_abi.h
  HDRINST usr/include/linux/media.h
  HDRINST usr/include/linux/seg6.h
  HDRINST usr/include/linux/dlm_device.h
  HDRINST usr/include/linux/pcitest.h
  HDRINST usr/include/linux/hw_breakpoint.h
  HDRINST usr/include/linux/if_bridge.h
  HDRINST usr/include/linux/joystick.h
  HDRINST usr/include/linux/gigaset_dev.h
  HDRINST usr/include/linux/vbox_vmmdev_types.h
  HDRINST usr/include/linux/nvram.h
  HDRINST usr/include/linux/rose.h
  LD      arch/arm64/kernel/vdso/vdso.so.dbg
  HDRINST usr/include/linux/smcinvoke.h
  HDRINST usr/include/linux/can/netlink.h
  HDRINST usr/include/linux/can/isotp.h
  HDRINST usr/include/linux/can/j1939.h
  HDRINST usr/include/linux/can/vxcan.h
  HDRINST usr/include/linux/can/raw.h
  HDRINST usr/include/linux/can/error.h
  HDRINST usr/include/linux/can/bcm.h
  HDRINST usr/include/linux/can/gw.h
  HDRINST usr/include/linux/smc.h
  VDSOSYM include/generated/vdso-offsets.h
  HDRINST usr/include/linux/dlmconstants.h
  HDRINST usr/include/linux/pr.h
  HDRINST usr/include/linux/ultrasound.h
  HDRINST usr/include/linux/auto_fs.h
  HDRINST usr/include/linux/bpf.h
  HDRINST usr/include/linux/userio.h
  HDRINST usr/include/linux/mdio.h
  HDRINST usr/include/linux/utsname.h
  HDRINST usr/include/linux/msm_dsps.h
  HDRINST usr/include/linux/rmnet_data.h
  HDRINST usr/include/linux/kernel-page-flags.h
  HDRINST usr/include/linux/sed-opal.h
  HDRINST usr/include/linux/in6.h
  HDRINST usr/include/linux/if_alg.h
  HDRINST usr/include/linux/vfio.h
  HDRINST usr/include/linux/futex.h
  HDRINST usr/include/linux/smc_diag.h
  HDRINST usr/include/linux/i8k.h
  HDRINST usr/include/linux/if_cablemodem.h
  HDRINST usr/include/linux/msm_ion.h
  HDRINST usr/include/linux/btf.h
  HDRINST usr/include/linux/keyboard.h
  HDRINST usr/include/linux/efs_fs_sb.h
  HDRINST usr/include/linux/virtio_blk.h
  HDRINST usr/include/linux/fdreg.h
  HDRINST usr/include/linux/bcache.h
  HDRINST usr/include/linux/openvswitch.h
  HDRINST usr/include/linux/atmsvc.h
  HDRINST usr/include/linux/fpga-dfl.h
  HDRINST usr/include/linux/atm_nicstar.h
  HDRINST usr/include/linux/coresight-stm.h
  HDRINST usr/include/linux/mic_common.h
  HDRINST usr/include/linux/atm.h
  HDRINST usr/include/linux/rtnetlink.h
  HDRINST usr/include/linux/fb.h
  HDRINST usr/include/linux/unix_diag.h
  HDRINST usr/include/linux/rseq.h
  HDRINST usr/include/linux/atm_zatm.h
  HDRINST usr/include/linux/fou.h
  HDRINST usr/include/linux/seg6_iptunnel.h
  HDRINST usr/include/linux/pkt_cls.h
  HDRINST usr/include/linux/posix_acl_xattr.h
  HDRINST usr/include/linux/nilfs2_ondisk.h
  HDRINST usr/include/linux/virtio_console.h
  HDRINST usr/include/linux/cuda.h
  HDRINST usr/include/linux/sem.h
  HDRINST usr/include/linux/can.h
  HDRINST usr/include/linux/xfrm.h
  HDRINST usr/include/linux/uleds.h
  HDRINST usr/include/linux/gen_stats.h
  HDRINST usr/include/linux/mem-buf.h
  HDRINST usr/include/linux/scc.h
  HDRINST usr/include/linux/net_tstamp.h
  HDRINST usr/include/linux/lirc.h
  HDRINST usr/include/linux/ppdev.h
  HDRINST usr/include/linux/atmppp.h
  HDRINST usr/include/linux/hidraw.h
  HDRINST usr/include/linux/vm_sockets.h
  HDRINST usr/include/linux/socket.h
  HDRINST usr/include/linux/vboxguest.h
  HDRINST usr/include/linux/uhid.h
  HDRINST usr/include/linux/hdreg.h
  HDRINST usr/include/linux/netfilter_ipv6/ip6t_ah.h
  HDRINST usr/include/linux/netfilter_ipv6/ip6t_frag.h
  HDRINST usr/include/linux/netfilter_ipv6/ip6t_LOG.h
  HDRINST usr/include/linux/netfilter_ipv6/ip6t_opts.h
  HDRINST usr/include/linux/netfilter_ipv6/ip6t_srh.h
  HDRINST usr/include/linux/netfilter_ipv6/ip6t_HL.h
  HDRINST usr/include/linux/netfilter_ipv6/ip6t_REJECT.h
  HDRINST usr/include/linux/netfilter_ipv6/ip6_tables.h
  HDRINST usr/include/linux/netfilter_ipv6/ip6t_NPT.h
  HDRINST usr/include/linux/netfilter_ipv6/ip6t_mh.h
  HDRINST usr/include/linux/netfilter_ipv6/ip6t_ipv6header.h
  HDRINST usr/include/linux/netfilter_ipv6/ip6t_hl.h
  HDRINST usr/include/linux/netfilter_ipv6/ip6t_rt.h
  HDRINST usr/include/linux/stddef.h
  HDRINST usr/include/linux/gtp.h
  HDRINST usr/include/linux/input.h
  HDRINST usr/include/linux/tty_flags.h
  HDRINST usr/include/linux/i2c.h
  HDRINST usr/include/linux/perf_event.h
  HDRINST usr/include/linux/blkzoned.h
  HDRINST usr/include/linux/igmp.h
  HDRINST usr/include/linux/nfsd/stats.h
  HDRINST usr/include/linux/nfsd/export.h
  HDRINST usr/include/linux/nfsd/debug.h
  HDRINST usr/include/linux/nfsd/cld.h
  HDRINST usr/include/linux/nfsd/nfsfh.h
  HDRINST usr/include/linux/mpls.h
  HDRINST usr/include/linux/atmarp.h
  HDRINST usr/include/linux/mtio.h
  HDRINST usr/include/linux/max2175.h
  HDRINST usr/include/linux/coff.h
  HDRINST usr/include/linux/netfilter_arp/arp_tables.h
  HDRINST usr/include/linux/netfilter_arp/arpt_mangle.h
  HDRINST usr/include/linux/qg-profile.h
  HDRINST usr/include/linux/coda.h
  HDRINST usr/include/linux/media-bus-format.h
  HDRINST usr/include/linux/net.h
  HDRINST usr/include/linux/qbg-profile.h
  HDRINST usr/include/linux/qrng.h
  HDRINST usr/include/linux/n_r3964.h
  HDRINST usr/include/linux/falloc.h
  HDRINST usr/include/linux/nl80211.h
  HDRINST usr/include/linux/libc-compat.h
  HDRINST usr/include/linux/unistd.h
  HDRINST usr/include/linux/cciss_defs.h
  HDRINST usr/include/linux/param.h
  HDRINST usr/include/linux/phonet.h
  HDRINST usr/include/linux/nfs3.h
  HDRINST usr/include/linux/mempolicy.h
  HDRINST usr/include/linux/nfc/nfcinfo.h
  HDRINST usr/include/linux/v4l2-mediabus.h
  HDRINST usr/include/linux/atmioc.h
  HDRINST usr/include/linux/if_pppol2tp.h
  HDRINST usr/include/linux/tiocl.h
  HDRINST usr/include/linux/sonet.h
  HDRINST usr/include/linux/xilinx-v4l2-controls.h
  HDRINST usr/include/linux/rmnet_ipa_fd_ioctl.h
  HDRINST usr/include/linux/if_packet.h
  HDRINST usr/include/linux/timerfd.h
  HDRINST usr/include/linux/fib_rules.h
  HDRINST usr/include/linux/cec.h
  HDRINST usr/include/linux/ioctl.h
  HDRINST usr/include/linux/hpet.h
  HDRINST usr/include/linux/v4l2-common.h
  HDRINST usr/include/linux/cciss_ioctl.h
  HDRINST usr/include/linux/virtio_rng.h
  HDRINST usr/include/linux/resource.h
  HDRINST usr/include/linux/omap3isp.h
  HDRINST usr/include/linux/dm-ioctl.h
  HDRINST usr/include/linux/posix_types.h
  HDRINST usr/include/linux/pps.h
  HDRINST usr/include/linux/virtio_input.h
  HDRINST usr/include/linux/tls.h
  HDRINST usr/include/linux/bpqether.h
  HDRINST usr/include/linux/nfc.h
  HDRINST usr/include/linux/hash_info.h
  HDRINST usr/include/linux/atm_eni.h
  HDRINST usr/include/linux/rpmsg.h
  HDRINST usr/include/linux/firewire-cdev.h
  HDRINST usr/include/linux/batadv_packet.h
  HDRINST usr/include/linux/tipc.h
  HDRINST usr/include/linux/hab_ioctl.h
  HDRINST usr/include/linux/close_range.h
  HDRINST usr/include/linux/net_dropmon.h
  HDRINST usr/include/linux/edd.h
  HDRINST usr/include/linux/if_macsec.h
  HDRINST usr/include/linux/un.h
  HDRINST usr/include/linux/gsmmux.h
  HDRINST usr/include/linux/dm-log-userspace.h
  HDRINST usr/include/linux/matroxfb.h
  HDRINST usr/include/linux/elf-fdpic.h
  HDRINST usr/include/linux/l2tp.h
  HDRINST usr/include/linux/mman.h
  HDRINST usr/include/linux/wimax.h
  HDRINST usr/include/linux/posix_acl.h
  HDRINST usr/include/linux/fips_status.h
  HDRINST usr/include/linux/adfs_fs.h
  HDRINST usr/include/linux/nilfs2_api.h
  HDRINST usr/include/linux/snmp.h
  HDRINST usr/include/linux/ipx.h
  HDRINST usr/include/linux/sound.h
  HDRINST usr/include/linux/wimax/i2400m.h
  HDRINST usr/include/linux/adb.h
  HDRINST usr/include/linux/if_infiniband.h
  HDRINST usr/include/linux/smiapp.h
  HDRINST usr/include/linux/signal.h
  HDRINST usr/include/linux/ipsec.h
  HDRINST usr/include/linux/dlm_netlink.h
  HDRINST usr/include/linux/sysstats.h
  HDRINST usr/include/linux/byteorder/little_endian.h
  HDRINST usr/include/linux/byteorder/big_endian.h
  HDRINST usr/include/linux/i2o-dev.h
  HDRINST usr/include/linux/tc_act/tc_ife.h
  HDRINST usr/include/linux/tc_act/tc_gate.h
  HDRINST usr/include/linux/tc_act/tc_skbedit.h
  HDRINST usr/include/linux/tc_act/tc_skbmod.h
  HDRINST usr/include/linux/tc_act/tc_tunnel_key.h
  HDRINST usr/include/linux/tc_act/tc_ctinfo.h
  HDRINST usr/include/linux/tc_act/tc_ct.h
  HDRINST usr/include/linux/tc_act/tc_sample.h
  HDRINST usr/include/linux/tc_act/tc_gact.h
  HDRINST usr/include/linux/tc_act/tc_connmark.h
  HDRINST usr/include/linux/tc_act/tc_csum.h
  HDRINST usr/include/linux/tc_act/tc_mirred.h
  HDRINST usr/include/linux/tc_act/tc_vlan.h
  HDRINST usr/include/linux/tc_act/tc_pedit.h
  HDRINST usr/include/linux/tc_act/tc_ipt.h
  HDRINST usr/include/linux/tc_act/tc_bpf.h
  HDRINST usr/include/linux/tc_act/tc_defact.h
  HDRINST usr/include/linux/tc_act/tc_nat.h
  LDS     arch/arm64/kernel/vdso32/vdso.lds
  HDRINST usr/include/linux/tc_act/tc_mpls.h
  HDRINST usr/include/linux/netfilter/xt_TEE.h
  HDRINST usr/include/linux/netfilter/xt_HMARK.h
  CC32    arch/arm64/kernel/vdso32/note.o
  HDRINST usr/include/linux/netfilter/nfnetlink.h
  CC32    arch/arm64/kernel/vdso32/vgettimeofday.o
  HDRINST usr/include/linux/netfilter/xt_RATEEST.h
  HDRINST usr/include/linux/netfilter/nf_conntrack_common.h
  AS32    arch/arm64/kernel/vdso32/sigreturn.o
  HDRINST usr/include/linux/netfilter/xt_ecn.h
  HDRINST usr/include/linux/netfilter/xt_devgroup.h
  HDRINST usr/include/linux/netfilter/xt_ipcomp.h
  HDRINST usr/include/linux/netfilter/xt_tcpudp.h
  HOSTCC  arch/arm64/kernel/vdso32/../../../arm/vdso/vdsomunge
  HDRINST usr/include/linux/netfilter/nfnetlink_compat.h
  HDRINST usr/include/linux/netfilter/xt_quota.h
  HDRINST usr/include/linux/netfilter/nf_conntrack_tuple_common.h
  HDRINST usr/include/linux/netfilter/xt_u32.h
  HDRINST usr/include/linux/netfilter/nfnetlink_conntrack.h
  HDRINST usr/include/linux/netfilter/nfnetlink_acct.h
  HDRINST usr/include/linux/netfilter/nf_conntrack_ftp.h
  HDRINST usr/include/linux/netfilter/xt_policy.h
  HDRINST usr/include/linux/netfilter/xt_IDLETIMER.h
  HDRINST usr/include/linux/netfilter/xt_tcpmss.h
  HDRINST usr/include/linux/netfilter/xt_iprange.h
  HDRINST usr/include/linux/netfilter/xt_NFLOG.h
  HDRINST usr/include/linux/netfilter/xt_TPROXY.h
  HDRINST usr/include/linux/netfilter/xt_length.h
  HDRINST usr/include/linux/netfilter/xt_limit.h
  HDRINST usr/include/linux/netfilter/xt_l2tp.h
  HDRINST usr/include/linux/netfilter/xt_SYNPROXY.h
  HDRINST usr/include/linux/netfilter/nf_conntrack_tcp.h
  HDRINST usr/include/linux/netfilter/nfnetlink_cttimeout.h
  HDRINST usr/include/linux/netfilter/xt_AUDIT.h
  HDRINST usr/include/linux/netfilter/xt_bpf.h
  HDRINST usr/include/linux/netfilter/xt_owner.h
  HDRINST usr/include/linux/netfilter/xt_mark.h
  HDRINST usr/include/linux/netfilter/xt_socket.h
  HDRINST usr/include/linux/netfilter/xt_dccp.h
  HDRINST usr/include/linux/netfilter/xt_CONNMARK.h
  HDRINST usr/include/linux/netfilter/xt_connlimit.h
  HDRINST usr/include/linux/netfilter/xt_nfacct.h
  HDRINST usr/include/linux/netfilter/xt_state.h
  HDRINST usr/include/linux/netfilter/xt_recent.h
  HDRINST usr/include/linux/netfilter/nfnetlink_log.h
  HDRINST usr/include/linux/netfilter/xt_addrtype.h
  HDRINST usr/include/linux/netfilter/nf_log.h
  HDRINST usr/include/linux/netfilter/xt_MARK.h
  HDRINST usr/include/linux/netfilter/xt_LOG.h
  HDRINST usr/include/linux/netfilter/nf_synproxy.h
  HDRINST usr/include/linux/netfilter/xt_mac.h
  HDRINST usr/include/linux/netfilter/xt_LED.h
  HDRINST usr/include/linux/netfilter/nf_conntrack_sctp.h
  HDRINST usr/include/linux/netfilter/xt_CLASSIFY.h
  HDRINST usr/include/linux/netfilter/xt_SECMARK.h
  HDRINST usr/include/linux/netfilter/xt_TCPOPTSTRIP.h
  HDRINST usr/include/linux/netfilter/xt_string.h
  HDRINST usr/include/linux/netfilter/xt_connbytes.h
  HDRINST usr/include/linux/netfilter/xt_CT.h
  HDRINST usr/include/linux/netfilter/xt_set.h
  HDRINST usr/include/linux/netfilter/xt_multiport.h
  HDRINST usr/include/linux/netfilter/xt_CHECKSUM.h
  HDRINST usr/include/linux/netfilter/xt_physdev.h
  HDRINST usr/include/linux/netfilter/xt_pkttype.h
  HDRINST usr/include/linux/netfilter/xt_ipvs.h
  LD32    arch/arm64/kernel/vdso32/vdso.so.raw
  HDRINST usr/include/linux/netfilter/nf_nat.h
  HDRINST usr/include/linux/netfilter/xt_CONNSECMARK.h
  HDRINST usr/include/linux/netfilter/xt_esp.h
  HDRINST usr/include/linux/netfilter/xt_osf.h
  HDRINST usr/include/linux/netfilter/xt_helper.h
  HDRINST usr/include/linux/netfilter/xt_statistic.h
  HDRINST usr/include/linux/netfilter/xt_NFQUEUE.h
  HDRINST usr/include/linux/netfilter/nfnetlink_queue.h
  HDRINST usr/include/linux/netfilter/xt_rpfilter.h
  HDRINST usr/include/linux/netfilter/nfnetlink_osf.h
  HDRINST usr/include/linux/netfilter/xt_time.h
  HDRINST usr/include/linux/netfilter/xt_TCPMSS.h
  HDRINST usr/include/linux/netfilter/xt_hashlimit.h
  HDRINST usr/include/linux/netfilter/xt_cpu.h
  HDRINST usr/include/linux/netfilter/xt_connmark.h
  HDRINST usr/include/linux/netfilter/xt_cgroup.h
  HDRINST usr/include/linux/netfilter/xt_dscp.h
  HDRINST usr/include/linux/netfilter/xt_comment.h
  HDRINST usr/include/linux/netfilter/x_tables.h
  HDRINST usr/include/linux/netfilter/ipset/ip_set_hash.h
  HDRINST usr/include/linux/netfilter/ipset/ip_set.h
  HDRINST usr/include/linux/netfilter/ipset/ip_set_list.h
  HDRINST usr/include/linux/netfilter/ipset/ip_set_bitmap.h
  HDRINST usr/include/linux/netfilter/xt_DSCP.h
  HDRINST usr/include/linux/netfilter/nfnetlink_cthelper.h
  HDRINST usr/include/linux/netfilter/xt_sctp.h
  HDRINST usr/include/linux/netfilter/xt_connlabel.h
  HDRINST usr/include/linux/netfilter/xt_conntrack.h
  HDRINST usr/include/linux/netfilter/xt_cluster.h
  HDRINST usr/include/linux/netfilter/nf_tables_compat.h
  HDRINST usr/include/linux/netfilter/xt_realm.h
  HDRINST usr/include/linux/netfilter/nf_tables.h
  HDRINST usr/include/linux/netfilter/xt_rateest.h
  HDRINST usr/include/linux/mei.h
  HDRINST usr/include/linux/nubus.h
  HDRINST usr/include/linux/elf-em.h
  HDRINST usr/include/linux/if_tunnel.h
  HDRINST usr/include/linux/cryptouser.h
  HDRINST usr/include/linux/securebits.h
  MUNGE   arch/arm64/kernel/vdso32/vdso.so.dbg
  HDRINST usr/include/linux/watchdog.h
  HDRINST usr/include/linux/nfs_fs.h
  HDRINST usr/include/linux/msm_ion_ids.h
  HDRINST usr/include/linux/v4l2-controls.h
  HDRINST usr/include/linux/thermal.h
  VDSOSYM include/generated/vdso32-offsets.h
  HDRINST usr/include/linux/am437x-vpfe.h
  HDRINST usr/include/linux/atmmpc.h
  HDRINST usr/include/linux/mpls_iptunnel.h
  HDRINST usr/include/linux/quota.h
  HDRINST usr/include/linux/uinput.h
  HDRINST usr/include/linux/veth.h
  HDRINST usr/include/linux/hyperv.h
  HDRINST usr/include/linux/if_frad.h
  HDRINST usr/include/linux/qnxtypes.h
  HDRINST usr/include/linux/devlink.h
  HDRINST usr/include/linux/gfs2_ondisk.h
  HDRINST usr/include/linux/qbt_handler.h
  HDRINST usr/include/linux/raw.h
  HDRINST usr/include/linux/virtio_config.h
  HDRINST usr/include/linux/firewire-constants.h
  HDRINST usr/include/linux/virtio_ring.h
  HDRINST usr/include/linux/virtio_balloon.h
  HDRINST usr/include/linux/timex.h
  HDRINST usr/include/linux/usbdevice_fs.h
  HDRINST usr/include/linux/if_x25.h
  HDRINST usr/include/linux/acct.h
  HDRINST usr/include/linux/serial.h
  HDRINST usr/include/linux/videodev2.h
  HDRINST usr/include/linux/string.h
  HDRINST usr/include/linux/cgroupstats.h
  HDRINST usr/include/linux/capability.h
  HDRINST usr/include/linux/omapfb.h
  HDRINST usr/include/linux/atmapi.h
  HDRINST usr/include/linux/ip.h
  HDRINST usr/include/linux/b1lli.h
  HDRINST usr/include/linux/route.h
  HDRINST usr/include/linux/fscrypt.h
  HDRINST usr/include/linux/iio/events.h
  HDRINST usr/include/linux/iio/types.h
  HDRINST usr/include/linux/bsg.h
  HDRINST usr/include/linux/udmabuf.h
  HDRINST usr/include/linux/virtio_gpu.h
  HDRINST usr/include/linux/tipc_config.h
  HDRINST usr/include/linux/serial_core.h
  HDRINST usr/include/linux/binfmts.h
  HDRINST usr/include/linux/usb/ch11.h
  HDRINST usr/include/linux/usb/charger.h
  HDRINST usr/include/linux/usb/video.h
  HDRINST usr/include/linux/usb/g_uvc-new.h
  HDRINST usr/include/linux/usb/g_uvc.h
  HDRINST usr/include/linux/usb/functionfs.h
  HDRINST usr/include/linux/usb/tmc.h
  HDRINST usr/include/linux/usb/audio.h
  HDRINST usr/include/linux/usb/midi.h
  HDRINST usr/include/linux/usb/f_accessory.h
  HDRINST usr/include/linux/usb/cdc-wdm.h
  HDRINST usr/include/linux/usb/gadgetfs.h
  HDRINST usr/include/linux/usb/ch9.h
  HDRINST usr/include/linux/usb/g_printer.h
  HDRINST usr/include/linux/usb/usb_ctrl_qti.h
  HDRINST usr/include/linux/usb/raw_gadget.h
  HDRINST usr/include/linux/usb/cdc.h
  HDRINST usr/include/linux/utime.h
  HDRINST usr/include/linux/vfio_ccw.h
  HDRINST usr/include/linux/android/binder.h
  HDRINST usr/include/linux/android/binderfs.h
  HDRINST usr/include/linux/mroute.h
  HDRINST usr/include/linux/times.h
  HDRINST usr/include/linux/xattr.h
  HDRINST usr/include/linux/tee.h
  HDRINST usr/include/linux/auxvec.h
  HDRINST usr/include/linux/virtio_iommu.h
  HDRINST usr/include/linux/nexthop.h
  HDRINST usr/include/linux/netfilter_bridge/ebt_vlan.h
  HDRINST usr/include/linux/netfilter_bridge/ebt_mark_m.h
  HDRINST usr/include/linux/netfilter_bridge/ebt_log.h
  HDRINST usr/include/linux/netfilter_bridge/ebt_arpreply.h
  HDRINST usr/include/linux/netfilter_bridge/ebt_redirect.h
  HDRINST usr/include/linux/netfilter_bridge/ebtables.h
  HDRINST usr/include/linux/netfilter_bridge/ebt_pkttype.h
  HDRINST usr/include/linux/netfilter_bridge/ebt_arp.h
  HDRINST usr/include/linux/netfilter_bridge/ebt_nat.h
  HDRINST usr/include/linux/netfilter_bridge/ebt_limit.h
  HDRINST usr/include/linux/netfilter_bridge/ebt_nflog.h
  HDRINST usr/include/linux/netfilter_bridge/ebt_among.h
  HDRINST usr/include/linux/netfilter_bridge/ebt_ip6.h
  HDRINST usr/include/linux/netfilter_bridge/ebt_stp.h
  HDRINST usr/include/linux/netfilter_bridge/ebt_ip.h
  HDRINST usr/include/linux/netfilter_bridge/ebt_802_3.h
  HDRINST usr/include/linux/netfilter_bridge/ebt_mark_t.h
  HDRINST usr/include/linux/if.h
  HDRINST usr/include/linux/prctl.h
  HDRINST usr/include/linux/qrtr.h
  HDRINST usr/include/linux/vtpm_proxy.h
  HDRINST usr/include/linux/mount.h
  HDRINST usr/include/linux/sockios.h
  HDRINST usr/include/linux/errno.h
  HDRINST usr/include/linux/rio_cm_cdev.h
  HDRINST usr/include/linux/if_addr.h
  HDRINST usr/include/linux/if_addrlabel.h
  HDRINST usr/include/linux/netrom.h
  HDRINST usr/include/linux/suspend_ioctls.h
  HDRINST usr/include/linux/hid.h
  HDRINST usr/include/linux/ipv6_route.h
  HDRINST usr/include/linux/if_team.h
  HDRINST usr/include/linux/fanotify.h
  HDRINST usr/include/linux/keyctl.h
  HDRINST usr/include/linux/msm_kgsl.h
  HDRINST usr/include/linux/cramfs_fs.h
  HDRINST usr/include/linux/personality.h
  HDRINST usr/include/linux/icmpv6.h
  HDRINST usr/include/linux/qcedev.h
  HDRINST usr/include/linux/if_vlan.h
  HDRINST usr/include/linux/sched/types.h
  HDRINST usr/include/linux/uvcvideo.h
  HDRINST usr/include/linux/qcota.h
  HDRINST usr/include/linux/if_plip.h
  HDRINST usr/include/linux/if_hippi.h
  HDRINST usr/include/linux/if_arp.h
  HDRINST usr/include/linux/in_route.h
  HDRINST usr/include/linux/radeonfb.h
  HDRINST usr/include/linux/psp-sev.h
  HDRINST usr/include/linux/if_ether.h
  HDRINST usr/include/linux/isst_if.h
  HDRINST usr/include/linux/connector.h
  HDRINST usr/include/linux/wireguard.h
  HDRINST usr/include/linux/apm_bios.h
  HDRINST usr/include/linux/sync_file.h
  HDRINST usr/include/linux/if_ltalk.h
  HDRINST usr/include/linux/kcov.h
  HDRINST usr/include/linux/termios.h
  HDRINST usr/include/linux/dlm.h
  HDRINST usr/include/linux/bt-bmc.h
  HDRINST usr/include/linux/gpio.h
  HDRINST usr/include/linux/patchkey.h
  HDRINST usr/include/linux/ioprio.h
  HDRINST usr/include/linux/fsi.h
  HDRINST usr/include/linux/elfcore.h
  HDRINST usr/include/linux/atmlec.h
  HDRINST usr/include/linux/blktrace_api.h
  HDRINST usr/include/linux/auto_fs4.h
  HDRINST usr/include/linux/jffs2.h
  HDRINST usr/include/linux/if_slip.h
  HDRINST usr/include/linux/udp.h
  HDRINST usr/include/linux/selinux_netlink.h
  HDRINST usr/include/linux/atm_tcp.h
  HDRINST usr/include/linux/mhi.h
  HDRINST usr/include/linux/hiddev.h
  HDRINST usr/include/linux/types.h
  HDRINST usr/include/linux/bpf_common.h
  HDRINST usr/include/linux/if_phonet.h
  HDRINST usr/include/linux/nfs_mount.h
  HDRINST usr/include/linux/batman_adv.h
  HDRINST usr/include/linux/magic.h
  HDRINST usr/include/linux/fuse.h
  HDRINST usr/include/linux/filter.h
  HDRINST usr/include/linux/llc.h
  HDRINST usr/include/linux/capi.h
  HDRINST usr/include/linux/tty.h
  HDRINST usr/include/linux/if_link.h
  HDRINST usr/include/linux/qnx4_fs.h
  HDRINST usr/include/linux/erspan.h
  HDRINST usr/include/linux/fcntl.h
  HDRINST usr/include/linux/wait.h
  HDRINST usr/include/linux/nfs4_mount.h
  HDRINST usr/include/linux/zorro_ids.h
  HDRINST usr/include/linux/msm_npu.h
  HDRINST usr/include/linux/module.h
  HDRINST usr/include/linux/map_to_7segment.h
  HDRINST usr/include/linux/bpf_perf_event.h
  HDRINST usr/include/linux/isdn/capicmd.h
  HDRINST usr/include/linux/nsfs.h
  HDRINST usr/include/linux/spss_utils.h
  HDRINST usr/include/linux/time_types.h
  HDRINST usr/include/linux/soundcard.h
  HDRINST usr/include/linux/v4l2-subdev.h
  HDRINST usr/include/linux/fd.h
  HDRINST usr/include/linux/incrementalfs.h
  HDRINST usr/include/linux/blkpg.h
  HDRINST usr/include/linux/if_ppp.h
  HDRINST usr/include/linux/if_eql.h
  HDRINST usr/include/linux/mmtimer.h
  HDRINST usr/include/linux/kexec.h
  HDRINST usr/include/linux/qemu_fw_cfg.h
  HDRINST usr/include/linux/vhost.h
  HDRINST usr/include/linux/vsockmon.h
  HDRINST usr/include/linux/shm.h
  HDRINST usr/include/linux/kernel.h
  HDRINST usr/include/linux/wil6210_uapi.h
  HDRINST usr/include/linux/const.h
  HDRINST usr/include/linux/msm_rmnet.h
  HDRINST usr/include/linux/ptrace.h
  HDRINST usr/include/linux/tc_ematch/tc_em_meta.h
  HDRINST usr/include/linux/tc_ematch/tc_em_nbyte.h
  HDRINST usr/include/linux/tc_ematch/tc_em_ipt.h
  HDRINST usr/include/linux/tc_ematch/tc_em_text.h
  HDRINST usr/include/linux/tc_ematch/tc_em_cmp.h
  HDRINST usr/include/linux/slatecom_interface.h
  HDRINST usr/include/linux/nbd-netlink.h
  HDRINST usr/include/linux/major.h
  HDRINST usr/include/linux/ipmi.h
  HDRINST usr/include/linux/romfs_fs.h
  HDRINST usr/include/linux/dm-user.h
  HDRINST usr/include/linux/irqnr.h
  HDRINST usr/include/linux/uio.h
  HDRINST usr/include/linux/virtio_pmem.h
  HDRINST usr/include/linux/kfd_ioctl.h
  HDRINST usr/include/linux/aspeed-p2a-ctrl.h
  HDRINST usr/include/linux/hdlc/ioctl.h
  HDRINST usr/include/linux/ion.h
  HDRINST usr/include/linux/sunrpc/debug.h
  HDRINST usr/include/linux/loop.h
  HDRINST usr/include/linux/net_namespace.h
  HDRINST usr/include/linux/cyclades.h
  HDRINST usr/include/linux/lightnvm.h
  HDRINST usr/include/linux/tcp_metrics.h
  HDRINST usr/include/linux/rfkill.h
  HDRINST usr/include/linux/fsmap.h
  HDRINST usr/include/linux/gameport.h
  HDRINST usr/include/linux/oom.h
  HDRINST usr/include/linux/netfilter_arp.h
  HDRINST usr/include/linux/kvm_para.h
  HDRINST usr/include/linux/vbox_err.h
  HDRINST usr/include/linux/ncsi.h
  HDRINST usr/include/linux/dcbnl.h
  HDRINST usr/include/linux/watch_queue.h
  HDRINST usr/include/linux/sonypi.h
  HDRINST usr/include/linux/pmu.h
  HDRINST usr/include/linux/switchtec_ioctl.h
  HDRINST usr/include/linux/seg6_hmac.h
  HDRINST usr/include/linux/atmsap.h
  HDRINST usr/include/linux/nfs2.h
  HDRINST usr/include/linux/tcp.h
  HDRINST usr/include/linux/kcm.h
  HDRINST usr/include/linux/inotify.h
  HDRINST usr/include/linux/kernelcapi.h
  HDRINST usr/include/linux/wmi.h
  HDRINST usr/include/linux/virtio_vsock.h
  HDRINST usr/include/linux/x25.h
  HDRINST usr/include/linux/io_uring.h
  HDRINST usr/include/linux/virtio_fs.h
  HDRINST usr/include/linux/nfs_idmap.h
  HDRINST usr/include/linux/msg.h
  HDRINST usr/include/linux/ppp_defs.h
  HDRINST usr/include/linux/ivtvfb.h
  HDRINST usr/include/linux/iso_fs.h
  HDRINST usr/include/linux/hsr_netlink.h
  HDRINST usr/include/linux/sysctl.h
  HDRINST usr/include/linux/kcmp.h
  HDRINST usr/include/linux/vt.h
  HDRINST usr/include/linux/kd.h
  HDRINST usr/include/linux/limits.h
  HDRINST usr/include/linux/dqblk_xfs.h
  HDRINST usr/include/linux/chio.h
  HDRINST usr/include/linux/scif_ioctl.h
  HDRINST usr/include/linux/dns_resolver.h
  HDRINST usr/include/linux/netfilter_bridge.h
  HDRINST usr/include/linux/fsl_hypervisor.h
  HDRINST usr/include/linux/userfaultfd.h
  HDRINST usr/include/linux/psci.h
  HDRINST usr/include/linux/ppp-comp.h
  HDRINST usr/include/linux/affs_hardblocks.h
  HDRINST usr/include/linux/hdlc.h
  HDRINST usr/include/linux/nbd.h
  HDRINST usr/include/linux/serio.h
  HDRINST usr/include/linux/screen_info.h
  HDRINST usr/include/linux/dlm_plock.h
  HDRINST usr/include/linux/signalfd.h
  HDRINST usr/include/linux/icmp.h
  HDRINST usr/include/linux/lwtunnel.h
  HDRINST usr/include/linux/virtio_types.h
  HDRINST usr/include/linux/input-event-codes.h
  HDRINST usr/include/linux/uuid.h
  HDRINST usr/include/linux/poll.h
  HDRINST usr/include/linux/ndctl.h
  HDRINST usr/include/linux/sched.h
  HDRINST usr/include/linux/elf.h
  HDRINST usr/include/linux/virtio_scsi.h
  HDRINST usr/include/linux/taskstats.h
  HDRINST usr/include/linux/ipv6.h
  HDRINST usr/include/linux/cycx_cfm.h
  HDRINST usr/include/linux/fiemap.h
  HDRINST usr/include/linux/ptp_clock.h
  HDRINST usr/include/linux/qbg.h
  HDRINST usr/include/linux/wireless.h
  HDRINST usr/include/linux/parport.h
  HDRINST usr/include/linux/toshiba.h
  HDRINST usr/include/linux/cn_proc.h
  HDRINST usr/include/linux/if_tun.h
  HDRINST usr/include/linux/swab.h
  HDRINST usr/include/linux/zorro.h
  HDRINST usr/include/linux/if_pppox.h
  HDRINST usr/include/linux/sdla.h
  HDRINST usr/include/linux/fsverity.h
  HDRINST usr/include/linux/stat.h
  HDRINST usr/include/linux/sysinfo.h
  HDRINST usr/include/linux/serial_reg.h
  HDRINST usr/include/linux/cm4000_cs.h
  HDRINST usr/include/linux/netfilter_ipv6.h
  HDRINST usr/include/linux/target_core_user.h
  HDRINST usr/include/linux/virtio_ids.h
  HDRINST usr/include/linux/bpfilter.h
  HDRINST usr/include/linux/pkt_sched.h
  HDRINST usr/include/linux/hgsl.h
  HDRINST usr/include/media/radio-iris-commands.h
  HDRINST usr/include/media/msm_cvp_private.h
  HDRINST usr/include/media/synx.h
  HDRINST usr/include/media/radio-iris.h
  HDRINST usr/include/misc/ocxl.h
  HDRINST usr/include/misc/wigig_sensing_uapi.h
  HDRINST usr/include/misc/xilinx_sdfec.h
  HDRINST usr/include/misc/fastrpc.h
  HDRINST usr/include/misc/habanalabs.h
  HDRINST usr/include/misc/cxl.h
  HDRINST usr/include/mtd/ubi-user.h
  HDRINST usr/include/mtd/inftl-user.h
  HDRINST usr/include/mtd/mtd-abi.h
  HDRINST usr/include/mtd/nftl-user.h
  HDRINST usr/include/rdma/ib_user_ioctl_cmds.h
  HDRINST usr/include/rdma/rvt-abi.h
  HDRINST usr/include/mtd/mtd-user.h
  HDRINST usr/include/rdma/mlx5_user_ioctl_cmds.h
  HDRINST usr/include/rdma/ib_user_mad.h
  HDRINST usr/include/rdma/hfi/hfi1_user.h
  HDRINST usr/include/rdma/hfi/hfi1_ioctl.h
  HDRINST usr/include/rdma/efa-abi.h
  HDRINST usr/include/rdma/hns-abi.h
  HDRINST usr/include/rdma/rdma_netlink.h
  HDRINST usr/include/rdma/siw-abi.h
  HDRINST usr/include/rdma/ib_user_verbs.h
  HDRINST usr/include/rdma/mlx4-abi.h
  HDRINST usr/include/rdma/qedr-abi.h
  HDRINST usr/include/rdma/mlx5-abi.h
  HDRINST usr/include/rdma/mthca-abi.h
  HDRINST usr/include/rdma/i40iw-abi.h
  HDRINST usr/include/rdma/rdma_user_ioctl.h
  HDRINST usr/include/rdma/ib_user_ioctl_verbs.h
  HDRINST usr/include/rdma/rdma_user_cm.h
  HDRINST usr/include/rdma/cxgb3-abi.h
  HDRINST usr/include/rdma/rdma_user_ioctl_cmds.h
  HDRINST usr/include/rdma/mlx5_user_ioctl_verbs.h
  HDRINST usr/include/rdma/ib_user_sa.h
  HDRINST usr/include/rdma/rdma_user_rxe.h
  HDRINST usr/include/rdma/vmw_pvrdma-abi.h
  HDRINST usr/include/rdma/bnxt_re-abi.h
  HDRINST usr/include/rdma/cxgb4-abi.h
  HDRINST usr/include/rdma/ocrdma-abi.h
  HDRINST usr/include/scsi/cxlflash_ioctl.h
  HDRINST usr/include/scsi/scsi_bsg_ufs.h
  HDRINST usr/include/scsi/ufs/ioctl.h
  HDRINST usr/include/scsi/fc/fc_fs.h
  HDRINST usr/include/scsi/fc/fc_ns.h
  HDRINST usr/include/scsi/fc/fc_gs.h
  HDRINST usr/include/scsi/fc/fc_els.h
  HDRINST usr/include/scsi/scsi_netlink_fc.h
  HDRINST usr/include/scsi/scsi_bsg_fc.h
  HDRINST usr/include/scsi/scsi_netlink.h
  HDRINST usr/include/sound/hdsp.h
  HDRINST usr/include/sound/firewire.h
  HDRINST usr/include/sound/asound.h
  HDRINST usr/include/sound/asound_fm.h
  HDRINST usr/include/sound/sof/header.h
  HDRINST usr/include/sound/sof/fw.h
  HDRINST usr/include/sound/sof/abi.h
  HDRINST usr/include/sound/sof/tokens.h
  HDRINST usr/include/sound/sb16_csp.h
  HDRINST usr/include/sound/compress_params.h
  HDRINST usr/include/sound/skl-tplg-interface.h
  HDRINST usr/include/sound/usb_stream.h
  HDRINST usr/include/sound/hdspm.h
  HDRINST usr/include/sound/snd_sst_tokens.h
  HDRINST usr/include/sound/compress_offload.h
  HDRINST usr/include/sound/emu10k1.h
  HDRINST usr/include/sound/asequencer.h
  HDRINST usr/include/sound/asoc.h
  HDRINST usr/include/sound/sfnt_info.h
  HDRINST usr/include/sound/tlv.h
  HDRINST usr/include/video/sisfb.h
  HDRINST usr/include/video/uvesafb.h
  HDRINST usr/include/video/edid.h
  HDRINST usr/include/xen/privcmd.h
  HDRINST usr/include/xen/gntdev.h
  HDRINST usr/include/xen/evtchn.h
  HDRINST usr/include/xen/gntalloc.h
  HDRINST usr/include/linux/version.h
  HDRINST usr/include/asm/hwcap.h
  HDRINST usr/include/asm/kvm.h
  HDRINST usr/include/asm/sigcontext.h
  HDRINST usr/include/asm/byteorder.h
  HDRINST usr/include/asm/bitsperlong.h
  HDRINST usr/include/asm/ucontext.h
  HDRINST usr/include/asm/unistd.h
  HDRINST usr/include/asm/param.h
  HDRINST usr/include/asm/statfs.h
  HDRINST usr/include/asm/posix_types.h
  HDRINST usr/include/asm/signal.h
  HDRINST usr/include/asm/auxvec.h
  HDRINST usr/include/asm/sve_context.h
  HDRINST usr/include/asm/fcntl.h
  HDRINST usr/include/asm/bpf_perf_event.h
  HDRINST usr/include/asm/ptrace.h
  HDRINST usr/include/asm/setup.h
  HDRINST usr/include/asm/perf_regs.h
  HDRINST usr/include/asm/ioctls.h
  HDRINST usr/include/asm/siginfo.h
  HDRINST usr/include/asm/shmbuf.h
  HDRINST usr/include/asm/socket.h
  HDRINST usr/include/asm/msgbuf.h
  HDRINST usr/include/asm/sembuf.h
  HDRINST usr/include/asm/ioctl.h
  HDRINST usr/include/asm/resource.h
  HDRINST usr/include/asm/mman.h
  HDRINST usr/include/asm/termbits.h
  HDRINST usr/include/asm/sockios.h
  HDRINST usr/include/asm/errno.h
  HDRINST usr/include/asm/termios.h
  HDRINST usr/include/asm/types.h
  HDRINST usr/include/asm/ipcbuf.h
  HDRINST usr/include/asm/kvm_para.h
  HDRINST usr/include/asm/poll.h
  HDRINST usr/include/asm/swab.h
  HDRINST usr/include/asm/stat.h
  HDRINST usr/include/display/drm/msm_drm_pp.h
  HDRINST usr/include/display/drm/sde_drm.h
  HDRINST usr/include/display/media/mmm_color_fmt.h
  HDRINST usr/include/display/hdcp/msm_hdmi_hdcp_mgr.h
  HDRINST usr/include/display/media/msm_sde_rotator.h
  HDRINST usr/include/camera/oplus/media/oplus_cam_defs.h
  HDRINST usr/include/camera/oplus/media/oplus_cam_sensor.h
  HDRINST usr/include/camera/media/cam_tfe.h
  HDRINST usr/include/camera/media/cam_sync.h
  HDRINST usr/include/camera/media/cam_cpas.h
  HDRINST usr/include/camera/media/cam_icp.h
  HDRINST usr/include/camera/media/cam_isp_tfe.h
  HDRINST usr/include/camera/media/cam_jpeg.h
  HDRINST usr/include/camera/media/cam_defs.h
  HDRINST usr/include/camera/media/cam_fd.h
  HDRINST usr/include/camera/media/cam_req_mgr.h
  HDRINST usr/include/camera/media/cam_isp_sfe.h
  HDRINST usr/include/camera/media/cam_isp.h
  HDRINST usr/include/camera/media/cam_lrme.h
  HDRINST usr/include/camera/media/cam_ope.h
  HDRINST usr/include/camera/media/cam_custom.h
  HDRINST usr/include/camera/media/cam_isp_vfe.h
  HDRINST usr/include/camera/media/cam_sensor.h
  HDRINST usr/include/camera/media/cam_isp_ife.h
  HDRINST usr/include/vidc/media/msm_media_info.h
  HDRINST usr/include/vidc/media/msm_vidc_utils.h
  HDRINST usr/include/audio/linux/msm_audio_wma.h
  HDRINST usr/include/audio/linux/msm_audio_ape.h
  HDRINST usr/include/audio/linux/avtimer.h
  HDRINST usr/include/audio/linux/msm_audio_qcp.h
  HDRINST usr/include/audio/linux/msm_audio_amrwbplus.h
  HDRINST usr/include/audio/linux/mfd/wcd9xxx/wcd9xxx_registers.h
  HDRINST usr/include/audio/linux/mfd/wcd9xxx/wcd9320_registers.h
  HDRINST usr/include/audio/linux/wcd-spi-ac-params.h
  HDRINST usr/include/audio/linux/msm_audio.h
  HDRINST usr/include/audio/linux/msm_audio_aac.h
  HDRINST usr/include/audio/linux/msm_audio_mvs.h
  HDRINST usr/include/audio/linux/msm_audio_amrnb.h
  HDRINST usr/include/audio/linux/msm_audio_g711.h
  HDRINST usr/include/audio/linux/msm_audio_alac.h
  HDRINST usr/include/audio/linux/msm_audio_g711_dec.h
  HDRINST usr/include/audio/linux/msm_audio_sbc.h
  HDRINST usr/include/audio/linux/msm_audio_voicememo.h
  HDRINST usr/include/audio/linux/msm_audio_ar.h
  HDRINST usr/include/audio/linux/msm_audio_wmapro.h
  HDRINST usr/include/audio/linux/msm_audio_amrwb.h
  HDRINST usr/include/audio/linux/msm_audio_calibration.h
  HDRINST usr/include/audio/linux/msm_audio_ac3.h
  HDRINST usr/include/audio/sound/audio_effects.h
  HDRINST usr/include/audio/sound/devdep_params.h
  HDRINST usr/include/audio/sound/msmcal-hwdep.h
  HDRINST usr/include/audio/sound/audio_slimslave.h
  HDRINST usr/include/audio/sound/audio_compressed_formats.h
  HDRINST usr/include/audio/sound/lsm_params.h
  HDRINST usr/include/audio/sound/voice_params.h
  HDRINST usr/include/audio/sound/wcd-dsp-glink.h
  CC      init/main.o
  CHK     include/generated/compile.h
  CC      init/do_mounts.o
  CC      init/do_mounts_rd.o
  CC      init/do_mounts_initrd.o
  CC      init/initramfs.o
  HOSTCC  usr/gen_init_cpio
  CC      arch/arm64/crypto/sha1-ce-glue.o
  HDRTEST usr/include/misc/ocxl.h
  UPD     include/generated/compile.h
  CC      kernel/cgroup/cgroup.o
  HDRTEST usr/include/misc/wigig_sensing_uapi.h
  HDRTEST usr/include/misc/xilinx_sdfec.h
  HDRTEST usr/include/misc/fastrpc.h
  CC      init/calibrate.o
  CC      kernel/bpf/core.o
  HDRTEST usr/include/misc/habanalabs.h
  HDRTEST usr/include/misc/cxl.h
  HDRTEST usr/include/linux/bcm933xx_hcs.h
  HDRTEST usr/include/linux/udf_fs_i.h
  HDRTEST usr/include/linux/rxrpc.h
  HDRTEST usr/include/linux/if_fddi.h
  CC      certs/system_keyring.o
  AS      arch/arm64/crypto/sha1-ce-core.o
  HDRTEST usr/include/linux/inet_diag.h
  HDRTEST usr/include/linux/pci_regs.h
  CC      kernel/cgroup/rstat.o
  CC      arch/arm64/crypto/sha2-ce-glue.o
  CC      kernel/cgroup/namespace.o
  CC      mm/filemap.o
  HDRTEST usr/include/linux/seg6_local.h
  HDRTEST usr/include/linux/baycom.h
  HDRTEST usr/include/linux/ipmi_msgdefs.h
  HDRTEST usr/include/linux/memfd.h
  HDRTEST usr/include/linux/atmbr2684.h
  HDRTEST usr/include/linux/caif/caif_socket.h
  HDRTEST usr/include/linux/caif/if_caif.h
  HDRTEST usr/include/linux/genetlink.h
  EXTRACT_CERTS   
  HDRTEST usr/include/linux/errqueue.h
  CC      certs/common.o
  HDRTEST usr/include/linux/ppp-ioctl.h
  HDRTEST usr/include/linux/eavb_shared.h
  HDRTEST usr/include/linux/nfsacl.h
  HDRTEST usr/include/linux/ip_vs.h
  AS      certs/system_certificates.o
  AS      arch/arm64/crypto/sha2-ce-core.o
  HDRTEST usr/include/linux/pg.h
  CC      arch/arm64/kernel/probes/kprobes.o
  HDRTEST usr/include/linux/mic_ioctl.h
  AR      certs/built-in.a
  CC      mm/mempool.o
  HDRTEST usr/include/linux/hsi/cs-protocol.h
  AS      arch/arm64/crypto/aes-ce-core.o
  HDRTEST usr/include/linux/hsi/hsi_char.h
  GEN     usr/initramfs_data.cpio
  CC      arch/arm64/crypto/aes-ce-glue.o
  CC      kernel/bpf/syscall.o
  HDRTEST usr/include/linux/xdp_diag.h
  CC      arch/arm64/mm/dma-mapping.o
  HDRTEST usr/include/linux/v4l2-dv-timings.h
  CC      init/init_task.o
  HDRTEST usr/include/linux/atmclip.h
  HDRTEST usr/include/linux/atalk.h
  HDRTEST usr/include/linux/genwqe/genwqe_card.h
  HDRTEST usr/include/linux/stm.h
  HDRTEST usr/include/linux/eventpoll.h
  HDRTEST usr/include/linux/btrfs_tree.h
  HDRTEST usr/include/linux/dccp.h
  CC      arch/arm64/kernel/probes/decode-insn.o
  HDRTEST usr/include/linux/virtio_net.h
  CC      arch/arm64/net/bpf_jit_comp.o
  HDRTEST usr/include/linux/ila.h
  HDRTEST usr/include/linux/rds.h
  CC      arch/arm64/crypto/aes-glue-ce.o
  HDRTEST usr/include/linux/hdlcdrv.h
  HDRTEST usr/include/linux/virtio_9p.h
  HDRTEST usr/include/linux/vhost_types.h
  HDRTEST usr/include/linux/packet_diag.h
  CC      arch/arm64/mm/extable.o
  HDRTEST usr/include/linux/bfs_fs.h
  AS      arch/arm64/kernel/probes/kprobes_trampoline.o
  CC      init/version.o
  HDRTEST usr/include/linux/pktcdvd.h
  AS      arch/arm64/crypto/aes-ce.o
  CC      mm/oom_kill.o
  HDRTEST usr/include/linux/reiserfs_xattr.h
  CC      arch/arm64/kernel/probes/simulate-insn.o
  HDRTEST usr/include/linux/i2c-dev.h
  CC      kernel/dma/mapping.o
  HDRTEST usr/include/linux/reiserfs_fs.h
  CC      kernel/cgroup/cgroup-v1.o
  HDRTEST usr/include/linux/netdevice.h
  CC      arch/arm64/mm/fault.o
  HDRTEST usr/include/linux/meye.h
  HDRTEST usr/include/linux/pfkeyv2.h
  CC      arch/arm64/crypto/sha256-glue.o
  HDRTEST usr/include/linux/msdos_fs.h
  AR      init/built-in.a
  CC      kernel/bpf/verifier.o
  HDRTEST usr/include/linux/kvm.h
  HDRTEST usr/include/linux/if_bonding.h
  HDRTEST usr/include/linux/tipc_sockets_diag.h
  CC      arch/arm64/kernel/probes/uprobes.o
  AR      arch/arm64/net/built-in.a
  CC      arch/arm64/mm/init.o
  HDRTEST usr/include/linux/virtio_crypto.h
  HDRTEST usr/include/linux/atmdev.h
  HDRTEST usr/include/linux/kdev_t.h
  HDRTEST usr/include/linux/ipmi_bmc.h
  HDRTEST usr/include/linux/netfilter_ipv4.h
  HDRTEST usr/include/linux/ivtv.h
  HDRTEST usr/include/linux/random.h
  HDRTEST usr/include/linux/virtio_pci.h
  HDRTEST usr/include/linux/vm_sockets_diag.h
  HDRTEST usr/include/linux/raid/md_p.h
  AS      arch/arm64/mm/cache.o
  CC      kernel/dma/direct.o
  HDRTEST usr/include/linux/raid/md_u.h
  AR      arch/arm64/kernel/probes/built-in.a
  CC      kernel/events/core.o
  CC      mm/fadvise.o
  OBJCOPY arch/arm64/kernel/vdso/vdso.so
  AS      arch/arm64/kernel/vdso/vdso.o
  HDRTEST usr/include/linux/virtio_mmio.h
  HDRTEST usr/include/linux/netconf.h
  AR      arch/arm64/kernel/vdso/built-in.a
  SHIPPED arch/arm64/crypto/sha256-core.S
  AS      arch/arm64/crypto/aes-cipher-core.o
  HDRTEST usr/include/linux/if_xdp.h
  CC      kernel/cgroup/freezer.o
  HDRTEST usr/include/linux/if_fc.h
  CC      arch/arm64/crypto/aes-cipher-glue.o
  HDRTEST usr/include/linux/mroute6.h
  HDRTEST usr/include/linux/psample.h
  HDRTEST usr/include/linux/ethtool.h
  HDRTEST usr/include/linux/netlink_diag.h
  HDRTEST usr/include/linux/lp.h
  CC      kernel/irq/irqdesc.o
  HDRTEST usr/include/linux/pci.h
  CC      arch/arm64/mm/copypage.o
  HDRTEST usr/include/linux/mii.h
  HDRTEST usr/include/linux/iommu.h
  OBJCOPY arch/arm64/kernel/vdso32/vdso.so
  AS      arch/arm64/kernel/vdso32/vdso.o
  AS      arch/arm64/crypto/sha256-core.o
  HDRTEST usr/include/linux/neighbour.h
  HDRTEST usr/include/linux/ip6_tunnel.h
  AR      arch/arm64/kernel/vdso32/built-in.a
  CC      arch/arm64/kernel/debug-monitors.o
  CC      kernel/dma/dummy.o
  AR      arch/arm64/crypto/built-in.a
  HDRTEST usr/include/linux/mptcp.h
  AR      kernel/livepatch/built-in.a
  CC      mm/maccess.o
  HDRTEST usr/include/linux/sctp.h
  HDRTEST usr/include/linux/ife.h
  CC      kernel/cgroup/legacy_freezer.o
  HDRTEST usr/include/linux/qseecom.h
  HDRTEST usr/include/linux/in.h
  HDRTEST usr/include/linux/ax25.h
  HDRTEST usr/include/linux/seg6_genl.h
  HDRTEST usr/include/linux/esoc_ctrl.h
  CC      kernel/bpf/inode.o
  HDRTEST usr/include/linux/fadvise.h
  HDRTEST usr/include/linux/auto_dev-ioctl.h
  HDRTEST usr/include/linux/mmc/ioctl.h
  CC      arch/arm64/mm/flush.o
  HDRTEST usr/include/linux/hysdn_if.h
  CC      kernel/irq/handle.o
  HDRTEST usr/include/linux/mqueue.h
  AS      arch/arm64/kernel/entry.o
  HDRTEST usr/include/linux/arm_sdei.h
  HDRTEST usr/include/linux/rtc.h
  CC      kernel/dma/contiguous.o
  HDRTEST usr/include/linux/sock_diag.h
  CC      kernel/cgroup/cpuset.o
  CC      mm/page-writeback.o
  HDRTEST usr/include/linux/msm_ipa.h
  CC      arch/arm64/kernel/irq.o
  HDRTEST usr/include/linux/if_arcnet.h
  HDRTEST usr/include/linux/usbip.h
  HDRTEST usr/include/linux/netfilter.h
  HDRTEST usr/include/linux/atm_he.h
  HDRTEST usr/include/linux/membarrier.h
  HDRTEST usr/include/linux/minix_fs.h
  HDRTEST usr/include/linux/arcfb.h
  HDRTEST usr/include/linux/dvb/ca.h
  CC      arch/arm64/mm/ioremap.o
  CC      kernel/dma/coherent.o
  HDRTEST usr/include/linux/dvb/video.h
  CC      kernel/irq/manage.o
  HDRTEST usr/include/linux/dvb/dmx.h
  HDRTEST usr/include/linux/dvb/net.h
  CC      arch/arm64/kernel/fpsimd.o
  HDRTEST usr/include/linux/dvb/version.h
  HDRTEST usr/include/linux/dvb/audio.h
  HDRTEST usr/include/linux/dvb/osd.h
  HDRTEST usr/include/linux/dvb/frontend.h
  HDRTEST usr/include/linux/time.h
  CC      kernel/irq/spurious.o
  HDRTEST usr/include/linux/vmcore.h
  HDRTEST usr/include/linux/msm_geni_serial.h
  CC      kernel/bpf/helpers.o
  HDRTEST usr/include/linux/fs.h
  CC      kernel/dma/swiotlb.o
  HDRTEST usr/include/linux/ipc.h
  HDRTEST usr/include/linux/nvme_ioctl.h
  HDRTEST usr/include/linux/cdrom.h
  CC      arch/arm64/mm/mmap.o
  HDRTEST usr/include/linux/audit.h
  HDRTEST usr/include/linux/phantom.h
  AR      kernel/cgroup/built-in.a
  CC      kernel/irq/resend.o
  HDRTEST usr/include/linux/spi/spidev.h
  HDRTEST usr/include/linux/nfs4.h
  CC      arch/arm64/mm/pgd.o
  HDRTEST usr/include/linux/synclink.h
  HDRTEST usr/include/linux/nfs.h
  CC      arch/arm64/mm/mmu.o
  HDRTEST usr/include/linux/dma-buf.h
  AS      arch/arm64/kernel/entry-fpsimd.o
  HDRTEST usr/include/linux/ipa_qmi_service_v01.h
  CC      kernel/bpf/tnum.o
usr/include/linux/ipa_qmi_service_v01.h:16: found __[us]{8,16,32,64} type without #include <linux/types.h>
  HDRTEST usr/include/linux/tipc_netlink.h
  CC      kernel/events/ring_buffer.o
  CC      mm/readahead.o
  HDRTEST usr/include/linux/netfilter_ipv4/ipt_REJECT.h
  CC      arch/arm64/kernel/process.o
  CC      kernel/irq/chip.o
  HDRTEST usr/include/linux/netfilter_ipv4/ipt_ecn.h
  HDRTEST usr/include/linux/netfilter_ipv4/ipt_ttl.h
  CC      mm/swap.o
  HDRTEST usr/include/linux/netfilter_ipv4/ipt_ECN.h
  CC      kernel/events/callchain.o
  HDRTEST usr/include/linux/netfilter_ipv4/ipt_CLUSTERIP.h
  CC      kernel/bpf/bpf_iter.o
  HDRTEST usr/include/linux/netfilter_ipv4/ipt_TRIGGER.h
  HDRTEST usr/include/linux/netfilter_ipv4/ip_tables.h
  HDRTEST usr/include/linux/netfilter_ipv4/ipt_TTL.h
  HDRTEST usr/include/linux/netfilter_ipv4/ipt_NATTYPE.h
  HDRTEST usr/include/linux/netfilter_ipv4/ipt_ah.h
  CC      kernel/dma/remap.o
  HDRTEST usr/include/linux/netfilter_ipv4/ipt_LOG.h
  HDRTEST usr/include/linux/agpgart.h
  HDRTEST usr/include/linux/spcom.h
  HDRTEST usr/include/linux/qg.h
  HDRTEST usr/include/linux/aspeed-lpc-ctrl.h
  HDRTEST usr/include/linux/habmmid.h
  HDRTEST usr/include/linux/seccomp.h
  HDRTEST usr/include/linux/rio_mport_cdev.h
  CC      kernel/irq/dummychip.o
  HDRTEST usr/include/linux/netlink.h
  HDRTEST usr/include/linux/atm_idt77105.h
  HDRTEST usr/include/linux/cec-funcs.h
  CC      arch/arm64/kernel/ptrace.o
  HDRTEST usr/include/linux/btrfs.h
  AR      kernel/dma/built-in.a
  CC      kernel/events/hw_breakpoint.o
  HDRTEST usr/include/linux/reboot.h
  AS      usr/initramfs_data.o
  CC      kernel/bpf/map_iter.o
  HDRTEST usr/include/linux/cifs/cifs_mount.h
  CC      arch/arm64/kernel/setup.o
  CC      arch/arm64/mm/context.o
  CC      mm/truncate.o
  HDRTEST usr/include/linux/aio_abi.h
  HDRTEST usr/include/linux/media.h
  CC      mm/vmscan.o
  HDRTEST usr/include/linux/seg6.h
  HDRTEST usr/include/linux/dlm_device.h
  HDRTEST usr/include/linux/pcitest.h
  AS      arch/arm64/mm/proc.o
  CC      kernel/irq/devres.o
  HDRTEST usr/include/linux/hw_breakpoint.h
  HDRTEST usr/include/linux/if_bridge.h
  CC      kernel/bpf/task_iter.o
  HDRTEST usr/include/linux/joystick.h
  HDRTEST usr/include/linux/gigaset_dev.h
  HDRTEST usr/include/linux/vbox_vmmdev_types.h
  CC      arch/arm64/mm/pageattr.o
  HDRTEST usr/include/linux/nvram.h
  HDRTEST usr/include/linux/rose.h
  HDRTEST usr/include/linux/smcinvoke.h
  HDRTEST usr/include/linux/can/netlink.h
  HDRTEST usr/include/linux/can/isotp.h
  HDRTEST usr/include/linux/can/j1939.h
  CC      kernel/events/uprobes.o
  HDRTEST usr/include/linux/can/vxcan.h
  HDRTEST usr/include/linux/can/raw.h
  CC      fs/configfs/inode.o
  CC      fs/configfs/file.o
  CC      arch/arm64/kernel/signal.o
  HDRTEST usr/include/linux/can/error.h
  CC      kernel/irq/generic-chip.o
  HDRTEST usr/include/linux/can/bcm.h
  AR      arch/arm64/mm/built-in.a
  HDRTEST usr/include/linux/can/gw.h
  CC      arch/arm64/kernel/sys.o
  HDRTEST usr/include/linux/smc.h
  CC      arch/arm64/kernel/stacktrace.o
  HDRTEST usr/include/linux/dlmconstants.h
  HDRTEST usr/include/linux/pr.h
  HDRTEST usr/include/linux/ultrasound.h
  CC      kernel/bpf/prog_iter.o
  HDRTEST usr/include/linux/auto_fs.h
  HDRTEST usr/include/linux/bpf.h
  HDRTEST usr/include/linux/userio.h
  HDRTEST usr/include/linux/mdio.h
  AR      usr/built-in.a
  AR      ipc/built-in.a
  HDRTEST usr/include/linux/utsname.h
  CC      arch/arm64/kernel/time.o
  HDRTEST usr/include/linux/msm_dsps.h
  HDRTEST usr/include/linux/rmnet_data.h
  CC      fs/configfs/dir.o
  HDRTEST usr/include/linux/kernel-page-flags.h
  HDRTEST usr/include/linux/sed-opal.h
  HDRTEST usr/include/linux/in6.h
  CC      kernel/irq/autoprobe.o
  CC      fs/crypto/crypto.o
  HDRTEST usr/include/linux/if_alg.h
  HDRTEST usr/include/linux/vfio.h
  HDRTEST usr/include/linux/futex.h
  HDRTEST usr/include/linux/smc_diag.h
  HDRTEST usr/include/linux/i8k.h
  CC      kernel/bpf/hashtab.o
  HDRTEST usr/include/linux/if_cablemodem.h
  HDRTEST usr/include/linux/msm_ion.h
  CC      kernel/irq/irqdomain.o
  HDRTEST usr/include/linux/btf.h
  HDRTEST usr/include/linux/keyboard.h
  CC      fs/crypto/fname.o
  HDRTEST usr/include/linux/efs_fs_sb.h
  CC      arch/arm64/kernel/traps.o
  HDRTEST usr/include/linux/virtio_blk.h
  AR      kernel/events/built-in.a
  CC      fs/configfs/symlink.o
  CC      mm/shmem.o
  HDRTEST usr/include/linux/fdreg.h
  HDRTEST usr/include/linux/bcache.h
  HDRTEST usr/include/linux/openvswitch.h
In file included from <built-in>:1:
./usr/include/linux/bcache.h:286:2: warning: field '' with variable sized type 'union jset::(anonymous at ./usr/include/linux/bcache.h:286:2)' not at the end of a struct or class is a GNU extension [-Wgnu-variable-sized-type-not-at-end]
  286 |         BKEY_PADDED(uuid_bucket);
      |         ^
./usr/include/linux/bcache.h:134:2: note: expanded from macro 'BKEY_PADDED'
  134 |         union { struct bkey key; __u64 key ## _pad[BKEY_PAD]; }
      |         ^
./usr/include/linux/bcache.h:287:2: warning: field '' with variable sized type 'union jset::(anonymous at ./usr/include/linux/bcache.h:287:2)' not at the end of a struct or class is a GNU extension [-Wgnu-variable-sized-type-not-at-end]
  287 |         BKEY_PADDED(btree_root);
      |         ^
./usr/include/linux/bcache.h:134:2: note: expanded from macro 'BKEY_PADDED'
  134 |         union { struct bkey key; __u64 key ## _pad[BKEY_PAD]; }
      |         ^
2 warnings generated.
  HDRTEST usr/include/linux/atmsvc.h
  CC      kernel/locking/mutex.o
  HDRTEST usr/include/linux/fpga-dfl.h
  CC      kernel/power/qos.o
  HDRTEST usr/include/linux/atm_nicstar.h
  CC      kernel/locking/semaphore.o
  HDRTEST usr/include/linux/coresight-stm.h
  HDRTEST usr/include/linux/mic_common.h
  HDRTEST usr/include/linux/atm.h
  CC      fs/configfs/mount.o
  HDRTEST usr/include/linux/rtnetlink.h
  HDRTEST usr/include/linux/fb.h
  HDRTEST usr/include/linux/unix_diag.h
  HDRTEST usr/include/linux/rseq.h
  HDRTEST usr/include/linux/atm_zatm.h
  CC      fs/crypto/hkdf.o
  CC      kernel/irq/proc.o
  CC      arch/arm64/kernel/io.o
  HDRTEST usr/include/linux/fou.h
  HDRTEST usr/include/linux/seg6_iptunnel.h
  CC      kernel/bpf/arraymap.o
  CC      kernel/power/main.o
  HDRTEST usr/include/linux/pkt_cls.h
  HDRTEST usr/include/linux/cuda.h
  HDRTEST usr/include/linux/posix_acl_xattr.h
  HDRTEST usr/include/linux/nilfs2_ondisk.h
  HDRTEST usr/include/linux/virtio_console.h
  CC      fs/configfs/item.o
  CC      kernel/locking/rwsem.o
  HDRTEST usr/include/linux/sem.h
  HDRTEST usr/include/linux/can.h
  HDRTEST usr/include/linux/xfrm.h
  CC      fs/crypto/hooks.o
  CC      arch/arm64/kernel/vdso.o
  HDRTEST usr/include/linux/uleds.h
  CC      kernel/irq/cpuhotplug.o
  HDRTEST usr/include/linux/gen_stats.h
  HDRTEST usr/include/linux/mem-buf.h
  HDRTEST usr/include/linux/scc.h
  CC      mm/util.o
  HDRTEST usr/include/linux/net_tstamp.h
  HDRTEST usr/include/linux/lirc.h
  HDRTEST usr/include/linux/ppdev.h
  CC      fs/crypto/keyring.o
  AR      fs/configfs/built-in.a
  HDRTEST usr/include/linux/atmppp.h
  CC      fs/devpts/inode.o
  HDRTEST usr/include/linux/hidraw.h
  HDRTEST usr/include/linux/vm_sockets.h
  HDRTEST usr/include/linux/socket.h
  CC      kernel/irq/pm.o
  HDRTEST usr/include/linux/vboxguest.h
  AS      arch/arm64/kernel/hyp-stub.o
  CC      kernel/locking/percpu-rwsem.o
  HDRTEST usr/include/linux/uhid.h
  CC      kernel/bpf/percpu_freelist.o
  CC      arch/arm64/kernel/psci.o
  HDRTEST usr/include/linux/hdreg.h
  CC      kernel/power/process.o
  HDRTEST usr/include/linux/netfilter_ipv6/ip6t_ah.h
  CC      kernel/printk/printk.o
  HDRTEST usr/include/linux/netfilter_ipv6/ip6t_frag.h
  CC      kernel/bpf/bpf_lru_list.o
  HDRTEST usr/include/linux/netfilter_ipv6/ip6t_LOG.h
  HDRTEST usr/include/linux/netfilter_ipv6/ip6t_opts.h
  HDRTEST usr/include/linux/netfilter_ipv6/ip6t_srh.h
  HDRTEST usr/include/linux/netfilter_ipv6/ip6t_HL.h
  CC      kernel/locking/spinlock.o
  HDRTEST usr/include/linux/netfilter_ipv6/ip6t_REJECT.h
  AR      fs/devpts/built-in.a
  CC      mm/mmzone.o
  CC      arch/arm64/kernel/cpu_ops.o
  HDRTEST usr/include/linux/netfilter_ipv6/ip6_tables.h
  CC      kernel/bpf/lpm_trie.o
  CC      fs/crypto/keysetup.o
  HDRTEST usr/include/linux/netfilter_ipv6/ip6t_NPT.h
  CC      kernel/power/suspend.o
  HDRTEST usr/include/linux/netfilter_ipv6/ip6t_mh.h
  HDRTEST usr/include/linux/netfilter_ipv6/ip6t_ipv6header.h
  HDRTEST usr/include/linux/netfilter_ipv6/ip6t_hl.h
  HDRTEST usr/include/linux/netfilter_ipv6/ip6t_rt.h
  HDRTEST usr/include/linux/stddef.h
  CC      kernel/irq/msi.o
  CC      kernel/locking/osq_lock.o
  HDRTEST usr/include/linux/gtp.h
  CC      mm/vmstat.o
  CC      kernel/irq/affinity.o
  HDRTEST usr/include/linux/input.h
  HDRTEST usr/include/linux/tty_flags.h
  HDRTEST usr/include/linux/i2c.h
  CC      arch/arm64/kernel/insn.o
  HDRTEST usr/include/linux/perf_event.h
  HDRTEST usr/include/linux/blkzoned.h
  CC      kernel/locking/qspinlock.o
  HDRTEST usr/include/linux/igmp.h
  HDRTEST usr/include/linux/nfsd/stats.h
  HDRTEST usr/include/linux/nfsd/export.h
  HDRTEST usr/include/linux/nfsd/debug.h
  HDRTEST usr/include/linux/nfsd/cld.h
  CC      kernel/rcu/update.o
  HDRTEST usr/include/linux/nfsd/nfsfh.h
  CC      fs/crypto/keysetup_v1.o
  HDRTEST usr/include/linux/mpls.h
  CC      kernel/printk/printk_safe.o
  CC      kernel/locking/rtmutex.o
  HDRTEST usr/include/linux/atmarp.h
  AR      kernel/irq/built-in.a
  HDRTEST usr/include/linux/mtio.h
  HDRTEST usr/include/linux/max2175.h
  CC      arch/arm64/kernel/return_address.o
  CC      kernel/bpf/map_in_map.o
  HDRTEST usr/include/linux/coff.h
  CC      kernel/locking/qrwlock.o
  HDRTEST usr/include/linux/netfilter_arp/arp_tables.h
  HDRTEST usr/include/linux/netfilter_arp/arpt_mangle.h
  AR      kernel/printk/built-in.a
  CC      mm/backing-dev.o
  HDRTEST usr/include/linux/qg-profile.h
  HDRTEST usr/include/linux/coda.h
  HDRTEST usr/include/linux/media-bus-format.h
  HDRTEST usr/include/linux/net.h
  HDRTEST usr/include/linux/qbg-profile.h
  CC      kernel/power/wakelock.o
  CC      fs/erofs/super.o
  HDRTEST usr/include/linux/qrng.h
  HDRTEST usr/include/linux/n_r3964.h
  CC      kernel/bpf/local_storage.o
  CC      fs/crypto/policy.o
  AR      kernel/locking/built-in.a
  HDRTEST usr/include/linux/falloc.h
  HDRTEST usr/include/linux/nl80211.h
  CC      kernel/sched/walt/walt.o
  CC      fs/exfat/inode.o
  HDRTEST usr/include/linux/libc-compat.h
  HDRTEST usr/include/linux/unistd.h
  HDRTEST usr/include/linux/cciss_defs.h
  HDRTEST usr/include/linux/param.h
  CC      arch/arm64/kernel/cpuinfo.o
  HDRTEST usr/include/linux/phonet.h
  HDRTEST usr/include/linux/nfs3.h
  CC      kernel/rcu/sync.o
  HDRTEST usr/include/linux/mempolicy.h
  HDRTEST usr/include/linux/nfc/nfcinfo.h
  HDRTEST usr/include/linux/v4l2-mediabus.h
  HDRTEST usr/include/linux/atmioc.h
  CC      kernel/power/poweroff.o
